%!Adobe-FontList 1.14
%Locale:0x409

%BeginFont
Handler:DirectoryHandler
FontType:Type1
FontName:DIN-Black
FamilyName:DIN-Black
StyleName:Regular
MenuName:DIN-Black
StyleBits:0
WeightClass:500
WidthClass:5
AngleClass:0
FullName:DIN-Black
WritingScript:Roman
OutlineFileName:\DIN-Black.otf
DataFormat:sfntData
UsesStandardEncoding:yes
isCFF:yes
FileLength:27720
FileModTime:1268843012
%EndFont

%BeginFont
Handler:DirectoryHandler
FontType:Type1
FontName:DIN-Bold
FamilyName:DIN-Bold
StyleName:Regular
MenuName:DIN-Bold
StyleBits:2
WeightClass:500
WidthClass:5
AngleClass:0
FullName:DIN-Bold
WritingScript:Roman
OutlineFileName:\DIN-Bold.otf
DataFormat:sfntData
UsesStandardEncoding:yes
isCFF:yes
FileLength:27268
FileModTime:1268843020
%EndFont

%BeginFont
Handler:DirectoryHandler
FontType:Type1
FontName:DIN-Light
FamilyName:DIN-Light
StyleName:Regular
MenuName:DIN-Light
StyleBits:0
WeightClass:500
WidthClass:5
AngleClass:0
FullName:DIN-Light
WritingScript:Roman
OutlineFileName:\DIN-Light.otf
DataFormat:sfntData
UsesStandardEncoding:yes
isCFF:yes
FileLength:26640
FileModTime:1268843036
%EndFont

%BeginFont
Handler:DirectoryHandler
FontType:Type1
FontName:DIN-Medium
FamilyName:DIN-Medium
StyleName:Regular
MenuName:DIN-Medium
StyleBits:0
WeightClass:500
WidthClass:5
AngleClass:0
FullName:DIN-Medium
WritingScript:Roman
OutlineFileName:\DIN-Medium.otf
DataFormat:sfntData
UsesStandardEncoding:yes
isCFF:yes
FileLength:27004
FileModTime:1268843044
%EndFont

%BeginFont
Handler:DirectoryHandler
FontType:Type1
FontName:DIN-Regular
FamilyName:DIN-Regular
StyleName:Regular
MenuName:DIN-Regular
StyleBits:0
WeightClass:500
WidthClass:5
AngleClass:0
FullName:DIN-Regular
WritingScript:Roman
OutlineFileName:\DIN-Regular.otf
DataFormat:sfntData
UsesStandardEncoding:yes
isCFF:yes
FileLength:26652
FileModTime:1268843054
%EndFont

